\BOOKMARK [0][-]{section*.2}{\376\377\000B\000i\000l\000o\000c\000a\000l\000\040\000G\000r\000a\000v\000i\000t\000y\000:\000\040\0001\000-\000L\000o\000o\000p\000\040\000F\000i\000n\000i\000t\000e\000n\000e\000s\000s\000,\000\040\000U\000n\000i\000t\000a\000r\000i\000t\000y\000,\000\040\000a\000n\000d\000\040\0002\000-\000L\000o\000o\000p\000\040\000C\000o\000n\000v\000e\000r\000g\000e\000n\000c\000e}{}% 2
\BOOKMARK [1][-]{section*.1}{\376\377\000A\000b\000s\000t\000r\000a\000c\000t}{section*.2}% 1
\BOOKMARK [1][-]{section*.3}{\376\377\000I\000n\000t\000r\000o\000d\000u\000c\000t\000i\000o\000n}{section*.2}% 3
\BOOKMARK [1][-]{section*.4}{\376\377\000B\000i\000l\000o\000c\000a\000l\000\040\000A\000c\000t\000i\000o\000n\000\040\000a\000n\000d\000\040\000F\000e\000y\000n\000m\000a\000n\000\040\000R\000u\000l\000e\000s}{section*.2}% 4
\BOOKMARK [2][-]{section*.5}{\376\377\000K\000e\000r\000n\000e\000l\000\040\000a\000n\000d\000\040\000F\000o\000r\000m\000\040\000F\000a\000c\000t\000o\000r}{section*.4}% 5
\BOOKMARK [2][-]{section*.6}{\376\377\000F\000e\000y\000n\000m\000a\000n\000\040\000R\000u\000l\000e\000s}{section*.4}% 6
\BOOKMARK [1][-]{section*.7}{\376\377\0001\000-\000L\000o\000o\000p\000\040\000G\000r\000a\000v\000i\000t\000o\000n\000\040\000S\000e\000l\000f\000-\000E\000n\000e\000r\000g\000y}{section*.2}% 7
\BOOKMARK [2][-]{section*.8}{\376\377\000B\000u\000b\000b\000l\000e\000\040\000D\000i\000a\000g\000r\000a\000m}{section*.7}% 8
\BOOKMARK [2][-]{section*.9}{\376\377\000S\000c\000a\000l\000a\000r\000\040\000M\000a\000s\000t\000e\000r\000\040\000I\000n\000t\000e\000g\000r\000a\000l}{section*.7}% 9
\BOOKMARK [2][-]{section*.10}{\376\377\000N\000u\000m\000e\000r\000i\000c\000a\000l\000\040\000R\000e\000s\000u\000l\000t}{section*.7}% 10
\BOOKMARK [1][-]{section*.11}{\376\377\0001\000-\000L\000o\000o\000p\000\040\000U\000n\000i\000t\000a\000r\000i\000t\000y}{section*.2}% 11
\BOOKMARK [2][-]{section*.12}{\376\377\000O\000p\000t\000i\000c\000a\000l\000\040\000T\000h\000e\000o\000r\000e\000m}{section*.11}% 12
\BOOKMARK [2][-]{section*.13}{\376\377\000S\000p\000e\000c\000t\000r\000a\000l\000\040\000D\000e\000n\000s\000i\000t\000y}{section*.11}% 13
\BOOKMARK [2][-]{section*.14}{\376\377\000U\000n\000i\000t\000a\000r\000i\000t\000y\000\040\000C\000r\000i\000t\000e\000r\000i\000a}{section*.11}% 14
\BOOKMARK [1][-]{section*.15}{\376\377\0002\000-\000L\000o\000o\000p\000\040\000a\000n\000d\000\040\000B\000e\000y\000o\000n\000d}{section*.2}% 15
\BOOKMARK [2][-]{section*.16}{\376\377\000P\000o\000w\000e\000r\000\040\000C\000o\000u\000n\000t\000i\000n\000g}{section*.15}% 16
\BOOKMARK [2][-]{section*.17}{\376\377\0002\000-\000L\000o\000o\000p}{section*.15}% 17
\BOOKMARK [2][-]{section*.18}{\376\377\000G\000o\000r\000o\000f\000f\000-\000S\000a\000g\000n\000o\000t\000t\000i\000\040\000A\000b\000s\000e\000n\000c\000e}{section*.15}% 18
\BOOKMARK [1][-]{section*.19}{\376\377\000D\000i\000s\000c\000u\000s\000s\000i\000o\000n}{section*.2}% 19
\BOOKMARK [2][-]{section*.20}{\376\377\000G\000a\000u\000g\000e\000\040\000I\000n\000v\000a\000r\000i\000a\000n\000c\000e\000\040\000o\000f\000\040\000t\000h\000e\000\040\000F\000u\000n\000d\000a\000m\000e\000n\000t\000a\000l\000\040\000F\000i\000e\000l\000d}{section*.19}% 20
\BOOKMARK [2][-]{section*.21}{\376\377\000N\000o\000n\000p\000e\000r\000t\000u\000r\000b\000a\000t\000i\000v\000e\000\040\000S\000t\000a\000b\000i\000l\000i\000t\000y}{section*.19}% 21
\BOOKMARK [2][-]{section*.22}{\376\377\000L\000i\000m\000i\000t\000a\000t\000i\000o\000n\000s}{section*.19}% 22
\BOOKMARK [1][-]{section*.23}{\376\377\000C\000o\000n\000c\000l\000u\000s\000i\000o\000n}{section*.2}% 23
\BOOKMARK [1][-]{section*.24}{\376\377\000A\000l\000l\000-\000O\000r\000d\000e\000r\000s\000\040\000C\000o\000n\000v\000e\000r\000g\000e\000n\000c\000e\000\040\000T\000h\000e\000o\000r\000e\000m\000\040\000\050\000S\000k\000e\000t\000c\000h\000\051}{section*.2}% 24
\BOOKMARK [1][-]{section*.25}{\376\377\000R\000e\000f\000e\000r\000e\000n\000c\000e\000s}{section*.2}% 25
